# Test loading a graph of with empty csv file

loaded graph heroes