# Test loading a graph of a small number of super heroes

loaded graph empty