# Tests that 1 node can be added

# Create a graph
created graph graph1

# Add a pair of nodes
added node n1 to graph1

