# Tests that 2 nodes can be created

# Create a graph
created graph graph1

# Add a pair of nodes
added node n1 to graph1
added node n2 to graph1
