created graph simpleGraph

added node A to simpleGraph
added node B to simpleGraph